uncaught exception: error(existence_error(procedure,foo:bar),bar/0)
