[[1,3],[2,4]]
[[_3,3],[2,_3]]
[[_184,_185],[_195,_196]]
[[_184,_195],[_185,_196]]
